src/App.tsx(717,6): error TS17008: JSX element 'div' has no corresponding closing tag.
src/App.tsx(1600,7): error TS17015: Expected corresponding closing tag for JSX fragment.
src/App.tsx(1600,10): error TS1382: Unexpected token. Did you mean `{'>'}` or `&gt;`?
src/App.tsx(1602,1): error TS1381: Unexpected token. Did you mean `{'}'}` or `&rbrace;`?
src/App.tsx(1603,1): error TS1005: '</' expected.
